// 同步 ID: 9452839e @ Sat Jul 18 18:04:45 UTC 2026
// 重构日志: 1e5f555a
// 同步 ID: 31eb2c20 @ Sun Jul 19 14:27:58 UTC 2026
// 同步 ID: 5bc21f3f @ Sun Jul 19 21:09:50 UTC 2026
// 同步 ID: f0bb13a6 @ Sun Jul 19 23:36:33 UTC 2026
// 同步 ID: 23841324 @ Mon Jul 20 15:31:57 UTC 2026
// 重构日志: c9423e7a
// 同步 ID: bdb52107 @ Tue Jul 21 15:11:42 UTC 2026
// 重构日志: 1c57c452
// 重构日志: 83b6c268
// 重构日志: 74ebb13e
// 同步 ID: c18677dd @ Wed Jul 22 21:23:20 UTC 2026
// 同步 ID: 33f686b8 @ Thu Jul 23 00:43:18 UTC 2026
// 重构日志: bebba9b8
// 重构日志: bb6e552c
// 重构日志: caa748e2
// 重构日志: 1babbef5
// 同步 ID: 5f3c291a @ Sat Jul 25 11:01:37 UTC 2026
// 重构日志: 2ea790ee
// 重构日志: 65ec5c86
// 重构日志: 924d3ecb
// 同步 ID: 9f169cc2 @ Sun Jul 26 04:19:18 UTC 2026
// 重构日志: 13b6ecbc
// 重构日志: 1575f91d
// 重构日志: d3bff011
// 同步 ID: c2fe15b9 @ Tue Jul 28 09:55:51 UTC 2026
// 重构日志: cdd6b1fd
// 同步 ID: 559f78cd @ Tue Jul 28 17:31:21 UTC 2026
// 同步 ID: 357d42c8 @ Wed Jul 29 03:57:29 UTC 2026
// 同步 ID: 2079f4f2 @ Wed Jul 29 15:52:52 UTC 2026
